om@om-RMNBXXXX:~$ pyton3
Command 'pyton3' not found, did you mean:
  command 'python3' from deb python3 (3.10.6-1~22.04)
Try: sudo apt install <deb name>
om@om-RMNBXXXX:~$ python3
Python 3.12.4 (main, Jun 13 2024, 14:24:38) [GCC 11.4.0] on linux
Type "help", "copyright", "credits" or "license" for more information.
>>> not "a"
False
>>> not 5
False
>>> not -5
False
>>> not 0
True
>>> not 1
False
>>> not True
False
>>> "get"*3  
'getgetget'
>>> "getget"/3
Traceback (most recent call last):
  File "<stdin>", line 1, in <module>
TypeError: unsupported operand type(s) for /: 'str' and 'int'
>>> 2^4
6
>>> True^False
True
>>> True && False
  File "<stdin>", line 1
    True && False
          ^
SyntaxError: invalid syntax
>>> "str"+3
Traceback (most recent call last):
  File "<stdin>", line 1, in <module>
TypeError: can only concatenate str (not "int") to str
>>> x="stra
  File "<stdin>", line 1
    x="stra
      ^
SyntaxError: unterminated string literal (detected at line 1)
>>> True%False
Traceback (most recent call last):
  File "<stdin>", line 1, in <module>
ZeroDivisionError: integer modulo by zero
>>> False%True
0
>>> ~2
-3
>>> ~0
-1
>>> ~-1
0
>>> ~-3
2
>>> ~10
-11
>>> ~True
-2
>>> ~False
-1
>>> not "String"
False
>>> not 0
True
>>> 10/2
5.0
>>> int(10/2)
5
>>> 10>2 & 2<5
True
>>> "om" or "soham"
'om'
>>> "om" and "soham" and "womwn"
'womwn'
>>> "om" not "soham"
  File "<stdin>", line 1
    "om" not "soham"
             ^^^^^^^
SyntaxError: invalid syntax
>>> 'c'+'c'
'cc'
>>> x='c'
>>> type(x)
<class 'str'>
>>> x='character class is not present in python'
>>> x
'character class is not present in python'
>>> int a = 10
  File "<stdin>", line 1
    int a = 10
        ^
SyntaxError: invalid syntax
>>> "om"^"god"
Traceback (most recent call last):
  File "<stdin>", line 1, in <module>
TypeError: unsupported operand type(s) for ^: 'str' and 'str'
>>> x=3+3.0
>>> x
6.0
>>> 2**3
8
>>> int c = 2345 
  File "<stdin>", line 1
    int c = 2345
        ^
SyntaxError: invalid syntax
>>> 
>>> 
>>> 
>>> 
>>> c = 2345
>>> c**1000
13894632068680704229309194227748827178240654478709025820659399688315598957394521620280841408327410521971171538512784318447845995771853075005307960977332951737033915235796626966094348986924634360224494249296276589589567774521430677601132871160852745811523766071159540753854510607012053853873608385215412472573927041851128529721511058350006692583697784747220223734574055443216313588613118854487765738296259567056742785918173278960947554349424198047549860400633803589354517282029292830806200492836501539304618379454807883421307758732894312407978515274297368674337119038278302301139090377714925424021550030211517667418499865168529529827651572501680648558528751693832606735439605011874386771159580975367287528165904660495062020927493245173567641457848755685369032339303212315470649786266344637579239799455752953204302144399662808169137592841556139034453833224861540046977511647385564376479129307036104365909197913466814435761545484524381955552526577233231641156752717416648971173474383729463100029235769924365319379311786415588910859708070993853658265085711804171370309696703366459031908035991560400408185042726291285500839014567397335785237053498090443037231330764245111945151032954492177717444934068137576216722797037579380391428081391838378597445361402993269835238670684579176370760771958490620973771507609618198194366781694248135818396794018601004566297755460859185833541195742375174908458345175175197793037682839003031213882243596137583459544190139394183168815525070333514730497510322558114657837485773057028020982690618576920607237425922285628044275151198329363772420099168194157160768112600146611971529293386782539838698526673900026453734323701436513155195624534413242331145987530058746790172612552354126422647094967820172685634152831313288188624206281712142867497990857578054219417930936348785006268309603114527211644971484067388867455998739990458300435009081417254589014484445954260614512985966220114586957420997675430635404639328851425666565247247319653584993222378857333013941046240750853708621897553271935288570490472814659364463478980169009674114699175786505153996034423087530698544261223611905657102941859874434492428119721003767798696914452840643887782079472748823437042357887226730485491506242965684166279862970293696214070457623827745172825906754347922228927754614054567967472447601501065447091558951533425230411867535465922197484989882428150528270665868081549028426624772209532140310864585525032770305818601102032425111142394686453934179900388537922540892046995081674184483068053136874714392865959598886744854001417329454786806231781983401549614445620382272563809562230821616538528665943804982417464544698298562155982262814999275716605038063827953583695907607715983865263985397307629764011546606536775106635441422857668025013003760223481346566611400341428473368162269050527086486685828011162463501010775180259216407060716412443066750933592920728327090137165694284852154674902050550370220409553423045802085031701015213565638071576341503273223101046614988791721253984199732426849431287710490753988478506241046946844115732364617304216941742362339677325482766739129589188744704392582754913832338061436071172238737037261263803218819071318581687450479648466029619254572172154771341823824519334706175063651743079278306219286673469375916906789610436318779467898010572945476819285376176106411460459066370312049441391560913026427537264595457600080408155918121337890625
>>> c**1110
722038286210117054788024256647829627248185616393942112010365261550024401223981216558351961226072774223841770694380489381684423305192971350070263386306350386402751767656086216422794998086196702278958427557139452650031796005139640352955895688714121366353494357792503263997231463497663695663142496413734631804782195767241034229699804404982133386885671551302018259857666026448751181947548707641485077736008225714155458626407059042729139492206501233076318284450508002330217083313482027573052415547241676686144757576912624224566080558887209496211424037394057033286986314423367560704536496752299793335212338344092231228426393286180795027998090006570891091608215810149835577199687381772340500420679698434975531467885503186212914644764902735342297813945394843212547413212143394013580708605819344193444823539791138145645904055625603067882463168614348912291317338405865473929228465278385831110949638416460265481719095557991497224649041528320843749988138673944427421924548055689373278701313891772852252860861243413901985822616015034618856243811126318935700220492990404728634255669157168926449207256651464150171751494803260973324549412514126370131094886851298807924941755684847350709545484902411753604816352789010035496889360402239919665528664857806808207951534635501082773656388022355590394597505563807783743700760350361141576580905004025116765062372824561266453187952294990036940707993010962889212236193650158849062924411543557975574895670101311398708863101790566681960143716662575013392617927865420141828309350983713111708856792030364637692427461453794506583360371849134445659165994512021158847059378160463017254851497676969572763270197368206239212771434199780817959996527049788435419787232133310384467146207230561958646528329284699028422923523552283928157143745325728107608432060482824790641005309465682660178318086188857141181490849349955460935625930562844373463112778933624641949603115245637280553775345268321063559372580132386466644017374069062723127936788653353870024701485680473080881275829343191547224648369618879856140100651565612527649813628488607587055239714289346369772101918233630993513654906537979533546417678431275792358149077514321403724363806829959202019583960425527343181638568999101324993034160435974648153405841437985913372418397589482773951909736548933769489083705679649491788247704476266823796393757447322729201419337480481479517997180153536561725251608720172567631322737120959824269180869371507332539994989526705138927173002670905403760153071635840551516511904795888219288202744187254607526662996136710517629802585760923876618586556395567951669992942015773971410844955184126891810223963166661406097476219913127117466252828555650601149504286211138193952310663600806069475700377999117317631398617484269543063908209134483441791834422463939681399623489421067226385909948114380477437475694486944192547547957890001137491304897694051272805001806462360123831465449127000605380151995579329028899610461470880782771229261530703758966026802134604762760033140296679757067869203730666743018757487320784690664356626152464355392452501111574193776082380899454395489811394203256369190258154695735949349736714167191724704196423712415841449433107285382542079048728716487666118359016264034186189032174918742401162998141232703122240414120459160583434849472203870665654262051270766781015413741586431832303269068436375862587289476848001993502251985216092238690073648070375994946391389246599955245001372999799842419637389965210754696635663486485366149945342466284970262340151981107610913108303360036012894665858903848772133252195650829281939396687823989837386444716552545266049073661479316957847733417190177167651660175777336670703047168364014482498682900657074538798230521274188009320262491129345523510770803372361970051684920690604485571384429931640625
>>> c=23456
>>> c**1000
Traceback (most recent call last):
  File "<stdin>", line 1, in <module>
ValueError: Exceeds the limit (4300 digits) for integer string conversion; use sys.set_int_max_str_digits() to increase the limit


SyntaxError: invalid syntax
>>> sys.set_int_max_str_digits(6000)
Traceback (most recent call last):
  File "<stdin>", line 1, in <module>
NameError: name 'sys' is not defined. Did you forget to import 'sys'?

>>> import sys  
>>> sys.set_int_max_str_digits(6000)
>>> 

>>> y="y"*"y"
Traceback (most recent call last):
  File "<stdin>", line 1, in <module>
TypeError: can't multiply sequence by non-int of type 'str'
>>> 

x=1(string)
<stdin>:1: SyntaxWarning: 'int' object is not callable; perhaps you missed a comma?
Traceback (most recent call last):
  File "<stdin>", line 1, in <module>
NameError: name 'string' is not defined. Did you forget to import 'string'?


import string
>>> x=string(1)
Traceback (most recent call last):
  File "<stdin>", line 1, in <module>
TypeError: 'module' object is not callable
>>> 
>>> 
>>> 
>>> x=float(1)
>>> x
1.0


